Python3 Advance Topics(Pluralsight - Python Beyond The Basics)
---------------------------------------------------------------------------------------------------
Prerequisite
Built-in types
int, float, str, list, dict, set, tuple
object model
Rasing and handling exceptions
Iterables and Iterators
for loop
Classes with methods
Reading and writing text and binary files
Unit-testing, Debugging, Deployment
Terminologies: special methods
__<method name>__    
^^             ^^  	<= Dunder 던덜 (double underscore)
__len__				<= duner len

---------------------------------------------------------------------------------------------------
02-01 Packages
---------------------------------------------------------------------------------------------------
Python Module

my_module.py				<= single file module

>>> import my_module
>>> type (my_module)
<class 'module'>

package 			<= a module which can contain other modules
    |- module
	|- package - module

>>> import urllib
>>> import urllib.request	
	>>> type(urllib)
	<class 'module'>
>>> type(urllib.request)
	<class 'module'>
>>> urllib.__path__
	['/usr/lib/python3.4/urllib']
>>> urllib.request.__path__
Traceback (most recent call last):
  File "<stdin>", line 1, in <module>
AttributeError: 'module' object has no attribute '__path__'

Packages 	<= are generally directories
Module 		<= are generally files

### How Python where to look packages and modules????
sys.path		<= list of direcotries Python searches for modules

>>> import sys
>>> sys.path
['', '/usr/lib/python34.zip', '/usr/lib/python3.4', '/usr/lib/python3.4/plat-cygwin', 
'/usr/lib/python3.4/lib-dynload', '/usr/lib/python3.4/site-packages']

>>> sys.path[0]				<= indexing and slicing
''							<= empty string
>>> sys.path[-5]
'/usr/lib/python34.zip'















































---------------------------------------------------------------------------------------------------
---------------------------------------------------------------------------------------------------
---------------------------------------------------------------------------------------------------
---------------------------------------------------------------------------------------------------
---------------------------------------------------------------------------------------------------
---------------------------------------------------------------------------------------------------
---------------------------------------------------------------------------------------------------
---------------------------------------------------------------------------------------------------
---------------------------------------------------------------------------------------------------
---------------------------------------------------------------------------------------------------
---------------------------------------------------------------------------------------------------
---------------------------------------------------------------------------------------------------
---------------------------------------------------------------------------------------------------
---------------------------------------------------------------------------------------------------
---------------------------------------------------------------------------------------------------


